Job started on nodeGcal1
Start time: mar. 16 juin 2026 17:15:06 CEST
/home/cril/arafat/miniconda3/envs/mgn/bin/python
Tue Jun 16 17:15:07 2026       
+-----------------------------------------------------------------------------------------+
| NVIDIA-SMI 595.71.05              Driver Version: 595.71.05      CUDA Version: 13.2     |
+-----------------------------------------+------------------------+----------------------+
| GPU  Name                 Persistence-M | Bus-Id          Disp.A | Volatile Uncorr. ECC |
| Fan  Temp   Perf          Pwr:Usage/Cap |           Memory-Usage | GPU-Util  Compute M. |
|                                         |                        |               MIG M. |
|=========================================+========================+======================|
|   0  Quadro RTX 8000                Off |   00000000:3B:00.0 Off |                    0 |
| N/A   68C    P0             84W /  250W |     167MiB /  46080MiB |      0%      Default |
|                                         |                        |                  N/A |
+-----------------------------------------+------------------------+----------------------+
|   1  Quadro RTX 8000                Off |   00000000:5E:00.0 Off |                    0 |
| N/A   34C    P8             20W /  250W |       0MiB /  46080MiB |      0%      Default |
|                                         |                        |                  N/A |
+-----------------------------------------+------------------------+----------------------+
|   2  Quadro RTX 8000                Off |   00000000:B1:00.0 Off |                    0 |
| N/A   36C    P8             19W /  250W |       0MiB /  46080MiB |      0%      Default |
|                                         |                        |                  N/A |
+-----------------------------------------+------------------------+----------------------+
|   3  Quadro RTX 8000                Off |   00000000:D9:00.0 Off |                    0 |
| N/A   32C    P8             19W /  250W |       0MiB /  46080MiB |      0%      Default |
|                                         |                        |                  N/A |
+-----------------------------------------+------------------------+----------------------+

+-----------------------------------------------------------------------------------------+
| Processes:                                                                              |
|  GPU   GI   CI              PID   Type   Process name                        GPU Memory |
|        ID   ID                                                               Usage      |
|=========================================================================================|
|    0   N/A  N/A           37618      C   python                                  164MiB |
+-----------------------------------------------------------------------------------------+
MGN Training started
MGN Rollout started
mgtn training started
mgtn rollout started
Test run complete.
Job finished at: jeu. 18 juin 2026 04:10:56 CEST
